<html>
<body>
<pre>
<h1>µVision Build Log</h1>
<h2>Project:</h2>
C:\Users\lu2aq\Desktop\PPSW_git\PPSW\serwo\serwo.uvproj
Project File Date:  05/20/2026

<h2>Output:</h2>
Build target 'Target 1'
assembling Startup.s...
compiling keyboard.c...
compiling led.c...
compiling main.c...
compiling timer.c...
compiling timer_interrupts.c...
compiling servo.c...
linking...
Program Size: Code=2592 RO-data=32 RW-data=8 ZI-data=1272  
FromELF: creating hex file...
".\serwo.axf" - 0 Errors, 0 Warning(s).
Clean started: Project: 'serwo'
   deleting intermediate output files for target 'Target 1'
